2019-10-27 16:58:35.832  INFO 10650 --- [restartedMain] p.k.currenda.CurrendaApplication         : Starting CurrendaApplication on kacper-MS-7C02 with PID 10650 (/home/kacper/Dokumenty/Development/currenda/target/classes started by kacper in /home/kacper/Dokumenty/Development/currenda)
2019-10-27 16:58:35.835  INFO 10650 --- [restartedMain] p.k.currenda.CurrendaApplication         : No active profile set, falling back to default profiles: default
2019-10-27 16:58:35.876  INFO 10650 --- [restartedMain] .e.DevToolsPropertyDefaultsPostProcessor : Devtools property defaults active! Set 'spring.devtools.add-properties' to 'false' to disable
2019-10-27 16:58:35.876  INFO 10650 --- [restartedMain] .e.DevToolsPropertyDefaultsPostProcessor : For additional web related logging consider setting the 'logging.level.web' property to 'DEBUG'
2019-10-27 16:58:36.450  INFO 10650 --- [restartedMain] .s.d.r.c.RepositoryConfigurationDelegate : Bootstrapping Spring Data repositories in DEFAULT mode.
2019-10-27 16:58:36.485  INFO 10650 --- [restartedMain] .s.d.r.c.RepositoryConfigurationDelegate : Finished Spring Data repository scanning in 32ms. Found 2 repository interfaces.
2019-10-27 16:58:36.837  INFO 10650 --- [restartedMain] o.s.b.w.embedded.tomcat.TomcatWebServer  : Tomcat initialized with port(s): 8081 (http)
2019-10-27 16:58:36.845  INFO 10650 --- [restartedMain] o.apache.catalina.core.StandardService   : Starting service [Tomcat]
2019-10-27 16:58:36.845  INFO 10650 --- [restartedMain] org.apache.catalina.core.StandardEngine  : Starting Servlet engine: [Apache Tomcat/9.0.27]
2019-10-27 16:58:36.891  INFO 10650 --- [restartedMain] o.a.c.c.C.[Tomcat].[localhost].[/]       : Initializing Spring embedded WebApplicationContext
2019-10-27 16:58:36.891  INFO 10650 --- [restartedMain] o.s.web.context.ContextLoader            : Root WebApplicationContext: initialization completed in 1015 ms
2019-10-27 16:58:37.047  INFO 10650 --- [restartedMain] c.j.s.embedmongo.EmbeddedMongoBuilder    : Initializing embedded MongoDB instance
2019-10-27 16:58:37.070  INFO 10650 --- [restartedMain] d.f.embed.process.store.Downloader       : Extract /home/kacper/.embedmongo/linux/mongodb-linux-x86_64-4.0.2.tgz : starting...
2019-10-27 16:58:37.706  INFO 10650 --- [restartedMain] d.f.embed.process.store.Downloader       : Extract /home/kacper/.embedmongo/linux/mongodb-linux-x86_64-4.0.2.tgz : extract mongodb-linux-x86_64-4.0.2/bin/mongod
2019-10-27 16:58:37.707  INFO 10650 --- [restartedMain] d.f.embed.process.store.Downloader       : Extract /home/kacper/.embedmongo/linux/mongodb-linux-x86_64-4.0.2.tgz : nothing left
2019-10-27 16:58:37.730  INFO 10650 --- [restartedMain] d.f.embed.process.store.Downloader       : Extract /home/kacper/.embedmongo/linux/mongodb-linux-x86_64-4.0.2.tgz : finished
2019-10-27 16:58:37.730  INFO 10650 --- [restartedMain] c.j.s.embedmongo.EmbeddedMongoBuilder    : Starting embedded MongoDB instance
2019-10-27 16:58:38.553  INFO 10650 --- [restartedMain] d.f.embed.mongo.MongodExecutable         : start de.flapdoodle.embed.mongo.config.MongodConfigBuilder$ImmutableMongodConfig@f5fa4b3
2019-10-27 16:58:38.686  INFO 10650 --- [restartedMain] org.mongodb.driver.cluster               : Cluster created with settings {hosts=[localhost:45777], mode=SINGLE, requiredClusterType=UNKNOWN, serverSelectionTimeout='30000 ms', maxWaitQueueSize=500}
2019-10-27 16:58:38.721  INFO 10650 --- [cluster-ClusterId{value='5db5beaea8da0d368dc4a4e2', description='null'}-localhost:45777] org.mongodb.driver.connection            : Opened connection [connectionId{localValue:1, serverValue:1}] to localhost:45777
2019-10-27 16:58:38.726  INFO 10650 --- [cluster-ClusterId{value='5db5beaea8da0d368dc4a4e2', description='null'}-localhost:45777] org.mongodb.driver.cluster               : Monitor thread successfully connected to server with description ServerDescription{address=localhost:45777, type=STANDALONE, state=CONNECTED, ok=true, version=ServerVersion{versionList=[4, 0, 2]}, minWireVersion=0, maxWireVersion=7, maxDocumentSize=16777216, logicalSessionTimeoutMinutes=30, roundTripTimeNanos=2031535}
2019-10-27 16:58:38.765  WARN 10650 --- [restartedMain] o.s.data.convert.CustomConversions       : Registering converter from class java.time.LocalDateTime to class java.time.Instant as reading converter although it doesn't convert from a store-supported type! You might wanna check you annotation setup at the converter implementation.
2019-10-27 16:58:38.765  WARN 10650 --- [restartedMain] o.s.data.convert.CustomConversions       : Registering converter from class java.time.Instant to class java.time.LocalDateTime as reading converter although it doesn't convert from a store-supported type! You might wanna check you annotation setup at the converter implementation.
2019-10-27 16:58:38.770  WARN 10650 --- [restartedMain] o.s.data.convert.CustomConversions       : Registering converter from class java.time.LocalDateTime to class java.time.Instant as reading converter although it doesn't convert from a store-supported type! You might wanna check you annotation setup at the converter implementation.
2019-10-27 16:58:38.770  WARN 10650 --- [restartedMain] o.s.data.convert.CustomConversions       : Registering converter from class java.time.Instant to class java.time.LocalDateTime as reading converter although it doesn't convert from a store-supported type! You might wanna check you annotation setup at the converter implementation.
2019-10-27 16:58:38.960  INFO 10650 --- [restartedMain] o.s.b.d.a.OptionalLiveReloadServer       : LiveReload server is running on port 35729
2019-10-27 16:58:39.079  INFO 10650 --- [restartedMain] o.s.s.concurrent.ThreadPoolTaskExecutor  : Initializing ExecutorService 'applicationTaskExecutor'
2019-10-27 16:58:39.313  INFO 10650 --- [Thread-10] o.s.b.a.mongo.embedded.EmbeddedMongo     : note: noprealloc may hurt performance in many applications
2019-10-27 16:58:39.315  INFO 10650 --- [Thread-10] o.s.b.a.mongo.embedded.EmbeddedMongo     : 2019-10-27T16:58:39.315+0100 I CONTROL  [initandlisten] MongoDB starting : pid=10765 port=38913 dbpath=/tmp/embedmongo-db-62fd3c94-eda4-4cdd-980a-46385a217720 64-bit host=kacper-MS-7C02
2019-10-27 16:58:39.315  INFO 10650 --- [Thread-10] o.s.b.a.mongo.embedded.EmbeddedMongo     : 2019-10-27T16:58:39.315+0100 I CONTROL  [initandlisten] db version v3.5.5
2019-10-27 16:58:39.315  INFO 10650 --- [Thread-10] o.s.b.a.mongo.embedded.EmbeddedMongo     : 2019-10-27T16:58:39.315+0100 I CONTROL  [initandlisten] git version: 98515c812b6fa893613f063dae568ff8319cbfbd
2019-10-27 16:58:39.316  INFO 10650 --- [Thread-10] o.s.b.a.mongo.embedded.EmbeddedMongo     : 2019-10-27T16:58:39.315+0100 I CONTROL  [initandlisten] allocator: tcmalloc
2019-10-27 16:58:39.316  INFO 10650 --- [Thread-10] o.s.b.a.mongo.embedded.EmbeddedMongo     : 2019-10-27T16:58:39.315+0100 I CONTROL  [initandlisten] modules: none
2019-10-27 16:58:39.316  INFO 10650 --- [Thread-10] o.s.b.a.mongo.embedded.EmbeddedMongo     : 2019-10-27T16:58:39.315+0100 I CONTROL  [initandlisten] build environment:
2019-10-27 16:58:39.316  INFO 10650 --- [Thread-10] o.s.b.a.mongo.embedded.EmbeddedMongo     : 2019-10-27T16:58:39.315+0100 I CONTROL  [initandlisten]     distarch: x86_64
2019-10-27 16:58:39.316  INFO 10650 --- [Thread-10] o.s.b.a.mongo.embedded.EmbeddedMongo     : 2019-10-27T16:58:39.315+0100 I CONTROL  [initandlisten]     target_arch: x86_64
2019-10-27 16:58:39.316  INFO 10650 --- [Thread-10] o.s.b.a.mongo.embedded.EmbeddedMongo     : 2019-10-27T16:58:39.315+0100 I CONTROL  [initandlisten] options: { net: { bindIp: "127.0.0.1", http: { enabled: false }, port: 38913 }, security: { authorization: "disabled" }, storage: { dbPath: "/tmp/embedmongo-db-62fd3c94-eda4-4cdd-980a-46385a217720", journal: { enabled: false }, mmapv1: { preallocDataFiles: false, smallFiles: true }, syncPeriodSecs: 0.0 } }
2019-10-27 16:58:39.318  INFO 10650 --- [Thread-10] o.s.b.a.mongo.embedded.EmbeddedMongo     : 2019-10-27T16:58:39.318+0100 I STORAGE  [initandlisten] 
2019-10-27 16:58:39.319  INFO 10650 --- [Thread-10] o.s.b.a.mongo.embedded.EmbeddedMongo     : 2019-10-27T16:58:39.318+0100 I STORAGE  [initandlisten] ** WARNING: Using the XFS filesystem is strongly recommended with the WiredTiger storage engine
2019-10-27 16:58:39.319  INFO 10650 --- [Thread-10] o.s.b.a.mongo.embedded.EmbeddedMongo     : 2019-10-27T16:58:39.318+0100 I STORAGE  [initandlisten] **          See http://dochub.mongodb.org/core/prodnotes-filesystem
2019-10-27 16:58:39.319  INFO 10650 --- [Thread-10] o.s.b.a.mongo.embedded.EmbeddedMongo     : 2019-10-27T16:58:39.318+0100 I STORAGE  [initandlisten] wiredtiger_open config: create,cache_size=7513M,session_max=20000,eviction=(threads_min=4,threads_max=4),config_base=false,statistics=(fast),log=(enabled=true,archive=true,path=journal,compressor=snappy),file_manager=(close_idle_time=100000),checkpoint=(wait=0,log_size=2GB),statistics_log=(wait=0),verbose=(recovery_progress),,log=(enabled=false),
2019-10-27 16:58:39.345  INFO 10650 --- [Thread-10] o.s.b.a.mongo.embedded.EmbeddedMongo     : 2019-10-27T16:58:39.345+0100 W STORAGE  [initandlisten] Detected configuration for non-active storage engine mmapv1 when current storage engine is wiredTiger
2019-10-27 16:58:39.345  INFO 10650 --- [Thread-10] o.s.b.a.mongo.embedded.EmbeddedMongo     : 2019-10-27T16:58:39.345+0100 I CONTROL  [initandlisten] 
2019-10-27 16:58:39.345  INFO 10650 --- [Thread-10] o.s.b.a.mongo.embedded.EmbeddedMongo     : 2019-10-27T16:58:39.345+0100 I CONTROL  [initandlisten] ** NOTE: This is a development version (3.5.5) of MongoDB.
2019-10-27 16:58:39.345  INFO 10650 --- [Thread-10] o.s.b.a.mongo.embedded.EmbeddedMongo     : 2019-10-27T16:58:39.345+0100 I CONTROL  [initandlisten] **       Not recommended for production.
2019-10-27 16:58:39.346  INFO 10650 --- [Thread-10] o.s.b.a.mongo.embedded.EmbeddedMongo     : 2019-10-27T16:58:39.345+0100 I CONTROL  [initandlisten] 
2019-10-27 16:58:39.346  INFO 10650 --- [Thread-10] o.s.b.a.mongo.embedded.EmbeddedMongo     : 2019-10-27T16:58:39.345+0100 I CONTROL  [initandlisten] 
2019-10-27 16:58:39.346  INFO 10650 --- [Thread-10] o.s.b.a.mongo.embedded.EmbeddedMongo     : 2019-10-27T16:58:39.345+0100 I CONTROL  [initandlisten] ** WARNING: soft rlimits too low. rlimits set to 63493 processes, 1048576 files. Number of processes should be at least 524288 : 0.5 times number of files.
2019-10-27 16:58:39.354  INFO 10650 --- [Thread-10] o.s.b.a.mongo.embedded.EmbeddedMongo     : 2019-10-27T16:58:39.354+0100 I FTDC     [initandlisten] Initializing full-time diagnostic data capture with directory '/tmp/embedmongo-db-62fd3c94-eda4-4cdd-980a-46385a217720/diagnostic.data'
2019-10-27 16:58:39.366  INFO 10650 --- [Thread-10] o.s.b.a.mongo.embedded.EmbeddedMongo     : 2019-10-27T16:58:39.366+0100 I INDEX    [initandlisten] build index on: admin.system.version properties: { v: 2, key: { version: 1 }, name: "incompatible_with_version_32", ns: "admin.system.version" }
2019-10-27 16:58:39.366  INFO 10650 --- [Thread-10] o.s.b.a.mongo.embedded.EmbeddedMongo     : 2019-10-27T16:58:39.366+0100 I INDEX    [initandlisten] 	 building index using bulk method; build may temporarily use up to 500 megabytes of RAM
2019-10-27 16:58:39.367  INFO 10650 --- [Thread-10] o.s.b.a.mongo.embedded.EmbeddedMongo     : 2019-10-27T16:58:39.367+0100 I INDEX    [initandlisten] build index done.  scanned 0 total records. 0 secs
2019-10-27 16:58:39.367  INFO 10650 --- [Thread-10] o.s.b.a.mongo.embedded.EmbeddedMongo     : 2019-10-27T16:58:39.367+0100 I COMMAND  [initandlisten] setting featureCompatibilityVersion to 3.4
2019-10-27 16:58:39.367  INFO 10650 --- [Thread-10] o.s.b.a.mongo.embedded.EmbeddedMongo     : 2019-10-27T16:58:39.367+0100 I NETWORK  [thread1] waiting for connections on port 38913
2019-10-27 16:58:39.368  INFO 10650 --- [restartedMain] d.f.embed.mongo.MongodExecutable         : start de.flapdoodle.embed.mongo.config.MongodConfigBuilder$ImmutableMongodConfig@6c21b484
2019-10-27 16:58:39.370  INFO 10650 --- [restartedMain] org.mongodb.driver.cluster               : Cluster created with settings {hosts=[localhost:38913], mode=MULTIPLE, requiredClusterType=UNKNOWN, serverSelectionTimeout='30000 ms', maxWaitQueueSize=500}
2019-10-27 16:58:39.371  INFO 10650 --- [restartedMain] org.mongodb.driver.cluster               : Adding discovered server localhost:38913 to client view of cluster
2019-10-27 16:58:39.372  INFO 10650 --- [Thread-10] o.s.b.a.mongo.embedded.EmbeddedMongo     : 2019-10-27T16:58:39.372+0100 I NETWORK  [thread1] connection accepted from 127.0.0.1:46662 #1 (1 connection now open)
2019-10-27 16:58:39.373  INFO 10650 --- [Thread-10] o.s.b.a.mongo.embedded.EmbeddedMongo     : 2019-10-27T16:58:39.373+0100 I NETWORK  [conn1] received client metadata from 127.0.0.1:46662 conn1: { driver: { name: "mongo-java-driver|legacy", version: "3.11.1" }, os: { type: "Linux", name: "Linux", architecture: "amd64", version: "4.15.0-66-generic" }, platform: "Java/JetBrains s.r.o/11.0.4+10-b304.69" }
2019-10-27 16:58:39.375  INFO 10650 --- [cluster-ClusterId{value='5db5beafa8da0d368dc4a4e3', description='null'}-localhost:38913] org.mongodb.driver.connection            : Opened connection [connectionId{localValue:2, serverValue:1}] to localhost:38913
2019-10-27 16:58:39.376  INFO 10650 --- [cluster-ClusterId{value='5db5beafa8da0d368dc4a4e3', description='null'}-localhost:38913] org.mongodb.driver.cluster               : Monitor thread successfully connected to server with description ServerDescription{address=localhost:38913, type=STANDALONE, state=CONNECTED, ok=true, version=ServerVersion{versionList=[3, 5, 5]}, minWireVersion=0, maxWireVersion=5, maxDocumentSize=16777216, logicalSessionTimeoutMinutes=null, roundTripTimeNanos=498106}
2019-10-27 16:58:39.376  INFO 10650 --- [cluster-ClusterId{value='5db5beafa8da0d368dc4a4e3', description='null'}-localhost:38913] org.mongodb.driver.cluster               : Discovered cluster type of STANDALONE
2019-10-27 16:58:39.379  WARN 10650 --- [restartedMain] o.s.data.convert.CustomConversions       : Registering converter from class java.time.LocalDateTime to class java.time.Instant as reading converter although it doesn't convert from a store-supported type! You might wanna check you annotation setup at the converter implementation.
2019-10-27 16:58:39.379  WARN 10650 --- [restartedMain] o.s.data.convert.CustomConversions       : Registering converter from class java.time.Instant to class java.time.LocalDateTime as reading converter although it doesn't convert from a store-supported type! You might wanna check you annotation setup at the converter implementation.
2019-10-27 16:58:39.391  WARN 10650 --- [restartedMain] o.s.data.convert.CustomConversions       : Registering converter from class java.time.LocalDateTime to class java.time.Instant as reading converter although it doesn't convert from a store-supported type! You might wanna check you annotation setup at the converter implementation.
2019-10-27 16:58:39.391  WARN 10650 --- [restartedMain] o.s.data.convert.CustomConversions       : Registering converter from class java.time.Instant to class java.time.LocalDateTime as reading converter although it doesn't convert from a store-supported type! You might wanna check you annotation setup at the converter implementation.
2019-10-27 16:58:39.416  INFO 10650 --- [restartedMain] o.s.b.a.e.web.EndpointLinksResolver      : Exposing 2 endpoint(s) beneath base path '/actuator'
2019-10-27 16:58:39.467  INFO 10650 --- [restartedMain] o.s.b.w.embedded.tomcat.TomcatWebServer  : Tomcat started on port(s): 8081 (http) with context path ''
2019-10-27 16:58:39.470  INFO 10650 --- [restartedMain] p.k.currenda.CurrendaApplication         : Started CurrendaApplication in 3.945 seconds (JVM running for 4.53)
2019-10-27 16:58:39.716  INFO 10650 --- [RMI TCP Connection(1)-127.0.0.1] o.a.c.c.C.[Tomcat].[localhost].[/]       : Initializing Spring DispatcherServlet 'dispatcherServlet'
2019-10-27 16:58:39.716  INFO 10650 --- [RMI TCP Connection(1)-127.0.0.1] o.s.web.servlet.DispatcherServlet        : Initializing Servlet 'dispatcherServlet'
2019-10-27 16:58:39.721  INFO 10650 --- [RMI TCP Connection(1)-127.0.0.1] o.s.web.servlet.DispatcherServlet        : Completed initialization in 5 ms
2019-10-27 16:58:39.728  INFO 10650 --- [RMI TCP Connection(2)-127.0.0.1] org.mongodb.driver.connection            : Opened connection [connectionId{localValue:3, serverValue:2}] to localhost:45777
2019-10-27 16:59:09.496 TRACE 10650 --- [http-nio-8081-exec-1] org.zalando.logbook.Logbook              : {"origin":"remote","type":"request","correlation":"af277c77-6762-4cf7-90de-3fb5edf5393d","protocol":"HTTP/1.1","remote":"0:0:0:0:0:0:0:1","method":"POST","uri":"http://localhost:8081/artist/add","headers":{"accept":["application/json, text/plain, */*"],"accept-encoding":["gzip, deflate, br"],"accept-language":["pl-PL,pl;q=0.9,en-US;q=0.8,en;q=0.7"],"connection":["keep-alive"],"content-length":["36"],"content-type":["application/json"],"host":["localhost:8081"],"origin":["http://localhost:3000"],"referer":["http://localhost:3000/"],"sec-fetch-mode":["cors"],"sec-fetch-site":["same-site"],"user-agent":["Mozilla/5.0 (X11; Linux x86_64) AppleWebKit/537.36 (KHTML, like Gecko) Chrome/78.0.3904.70 Safari/537.36"]},"body":{"name":"Eminem","id":null}}
2019-10-27 16:59:09.612 TRACE 10650 --- [http-nio-8081-exec-1] org.zalando.logbook.Logbook              : {"origin":"local","type":"response","correlation":"af277c77-6762-4cf7-90de-3fb5edf5393d","duration":126,"protocol":"HTTP/1.1","status":200,"headers":{"Access-Control-Allow-Origin":["*"],"Date":["Sun, 27 Oct 2019 15:59:09 GMT"],"Transfer-Encoding":["chunked"],"Vary":["Origin","Access-Control-Request-Method","Access-Control-Request-Headers","Origin","Access-Control-Request-Method","Access-Control-Request-Headers","Origin","Access-Control-Request-Method","Access-Control-Request-Headers"]}}
2019-10-27 16:59:55.159 TRACE 10650 --- [http-nio-8081-exec-2] org.zalando.logbook.Logbook              : {"origin":"remote","type":"request","correlation":"097605d7-0c7c-4b40-8e8a-b06728519d89","protocol":"HTTP/1.1","remote":"0:0:0:0:0:0:0:1","method":"GET","uri":"http://localhost:8081/artist/all","headers":{"accept":["application/json, text/plain, */*"],"accept-encoding":["gzip, deflate, br"],"accept-language":["pl-PL,pl;q=0.9,en-US;q=0.8,en;q=0.7"],"connection":["keep-alive"],"host":["localhost:8081"],"origin":["http://localhost:3000"],"referer":["http://localhost:3000/favouriteArtist"],"sec-fetch-mode":["cors"],"sec-fetch-site":["same-site"],"user-agent":["Mozilla/5.0 (X11; Linux x86_64) AppleWebKit/537.36 (KHTML, like Gecko) Chrome/78.0.3904.70 Safari/537.36"]}}
2019-10-27 16:59:55.176 TRACE 10650 --- [http-nio-8081-exec-2] org.zalando.logbook.Logbook              : {"origin":"local","type":"response","correlation":"097605d7-0c7c-4b40-8e8a-b06728519d89","duration":18,"protocol":"HTTP/1.1","status":200,"headers":{"Access-Control-Allow-Origin":["*"],"Content-Type":["application/json"],"Date":["Sun, 27 Oct 2019 15:59:55 GMT"],"Transfer-Encoding":["chunked"],"Vary":["Origin","Access-Control-Request-Method","Access-Control-Request-Headers","Origin","Access-Control-Request-Method","Access-Control-Request-Headers","Origin","Access-Control-Request-Method","Access-Control-Request-Headers"]},"body":[{"id":0,"name":"Eminem"}]}
2019-10-27 16:59:57.542 TRACE 10650 --- [http-nio-8081-exec-3] org.zalando.logbook.Logbook              : {"origin":"remote","type":"request","correlation":"ec8a4c4f-08af-4d70-9a48-80cd56e7dc1b","protocol":"HTTP/1.1","remote":"0:0:0:0:0:0:0:1","method":"OPTIONS","uri":"http://localhost:8081/artist/delete/0","headers":{"accept":["*/*"],"accept-encoding":["gzip, deflate, br"],"accept-language":["pl-PL,pl;q=0.9,en-US;q=0.8,en;q=0.7"],"access-control-request-method":["DELETE"],"connection":["keep-alive"],"host":["localhost:8081"],"origin":["http://localhost:3000"],"referer":["http://localhost:3000/favouriteArtist"],"sec-fetch-mode":["cors"],"sec-fetch-site":["same-site"],"user-agent":["Mozilla/5.0 (X11; Linux x86_64) AppleWebKit/537.36 (KHTML, like Gecko) Chrome/78.0.3904.70 Safari/537.36"]}}
2019-10-27 16:59:57.546 TRACE 10650 --- [http-nio-8081-exec-3] org.zalando.logbook.Logbook              : {"origin":"local","type":"response","correlation":"ec8a4c4f-08af-4d70-9a48-80cd56e7dc1b","duration":4,"protocol":"HTTP/1.1","status":200,"headers":{"Access-Control-Allow-Methods":["DELETE"],"Access-Control-Allow-Origin":["*"],"Access-Control-Max-Age":["1800"],"Allow":["GET, HEAD, POST, PUT, DELETE, TRACE, OPTIONS, PATCH"],"Date":["Sun, 27 Oct 2019 15:59:57 GMT"],"Transfer-Encoding":["chunked"],"Vary":["Origin","Access-Control-Request-Method","Access-Control-Request-Headers","Origin","Access-Control-Request-Method","Access-Control-Request-Headers","Origin","Access-Control-Request-Method","Access-Control-Request-Headers"]}}
2019-10-27 16:59:57.551 TRACE 10650 --- [http-nio-8081-exec-4] org.zalando.logbook.Logbook              : {"origin":"remote","type":"request","correlation":"c76689a0-1eed-4d5d-9a42-7442259f933e","protocol":"HTTP/1.1","remote":"0:0:0:0:0:0:0:1","method":"DELETE","uri":"http://localhost:8081/artist/delete/0","headers":{"accept":["application/json, text/plain, */*"],"accept-encoding":["gzip, deflate, br"],"accept-language":["pl-PL,pl;q=0.9,en-US;q=0.8,en;q=0.7"],"connection":["keep-alive"],"host":["localhost:8081"],"origin":["http://localhost:3000"],"referer":["http://localhost:3000/favouriteArtist"],"sec-fetch-mode":["cors"],"sec-fetch-site":["same-site"],"user-agent":["Mozilla/5.0 (X11; Linux x86_64) AppleWebKit/537.36 (KHTML, like Gecko) Chrome/78.0.3904.70 Safari/537.36"]}}
2019-10-27 16:59:57.565 TRACE 10650 --- [http-nio-8081-exec-4] org.zalando.logbook.Logbook              : {"origin":"local","type":"response","correlation":"c76689a0-1eed-4d5d-9a42-7442259f933e","duration":14,"protocol":"HTTP/1.1","status":200,"headers":{"Access-Control-Allow-Origin":["*"],"Date":["Sun, 27 Oct 2019 15:59:57 GMT"],"Transfer-Encoding":["chunked"],"Vary":["Origin","Access-Control-Request-Method","Access-Control-Request-Headers","Origin","Access-Control-Request-Method","Access-Control-Request-Headers","Origin","Access-Control-Request-Method","Access-Control-Request-Headers"]}}
2019-10-27 17:03:34.523  INFO 10650 --- [Thread-10] o.s.b.a.mongo.embedded.EmbeddedMongo     : 2019-10-27T17:03:34.523+0100 I CONTROL  [signalProcessingThread] got signal 2 (Interrupt), will terminate after current cmd ends
2019-10-27 17:03:34.523  INFO 10650 --- [Thread-10] o.s.b.a.mongo.embedded.EmbeddedMongo     : 2019-10-27T17:03:34.523+0100 I NETWORK  [signalProcessingThread] shutdown: going to close listening sockets...
2019-10-27 17:03:34.523  INFO 10650 --- [Thread-10] o.s.b.a.mongo.embedded.EmbeddedMongo     : 2019-10-27T17:03:34.523+0100 I NETWORK  [signalProcessingThread] closing listening socket: 7
2019-10-27 17:03:34.524  INFO 10650 --- [Thread-10] o.s.b.a.mongo.embedded.EmbeddedMongo     : 2019-10-27T17:03:34.523+0100 I NETWORK  [signalProcessingThread] closing listening socket: 8
2019-10-27 17:03:34.524  INFO 10650 --- [Thread-10] o.s.b.a.mongo.embedded.EmbeddedMongo     : 2019-10-27T17:03:34.523+0100 I NETWORK  [signalProcessingThread] removing socket file: /tmp/mongodb-38913.sock
2019-10-27 17:03:34.524  INFO 10650 --- [Thread-10] o.s.b.a.mongo.embedded.EmbeddedMongo     : 2019-10-27T17:03:34.523+0100 I NETWORK  [signalProcessingThread] shutdown: going to flush diaglog...
2019-10-27 17:03:34.524  INFO 10650 --- [Thread-10] o.s.b.a.mongo.embedded.EmbeddedMongo     : 2019-10-27T17:03:34.523+0100 I FTDC     [signalProcessingThread] Shutting down full-time diagnostic data capture
2019-10-27 17:03:34.526  INFO 10650 --- [Thread-10] o.s.b.a.mongo.embedded.EmbeddedMongo     : 2019-10-27T17:03:34.525+0100 I STORAGE  [signalProcessingThread] WiredTigerKVEngine shutting down
2019-10-27 17:03:34.529  INFO 10650 --- [Thread-10] o.s.b.a.mongo.embedded.EmbeddedMongo     : 2019-10-27T17:03:34.529+0100 I -        [conn1] end connection 127.0.0.1:46662 (1 connection now open)
2019-10-27 17:03:34.536  INFO 10650 --- [Thread-10] o.s.b.a.mongo.embedded.EmbeddedMongo     : 2019-10-27T17:03:34.536+0100 I STORAGE  [signalProcessingThread] shutdown: removing fs lock...
2019-10-27 17:03:34.536  INFO 10650 --- [Thread-10] o.s.b.a.mongo.embedded.EmbeddedMongo     : 2019-10-27T17:03:34.536+0100 I CONTROL  [signalProcessingThread] now exiting
2019-10-27 17:03:34.536  INFO 10650 --- [Thread-10] o.s.b.a.mongo.embedded.EmbeddedMongo     : 2019-10-27T17:03:34.536+0100 I CONTROL  [signalProcessingThread] shutting down with code:0
2019-10-27 17:03:34.537  INFO 10650 --- [Thread-10] o.s.b.a.mongo.embedded.EmbeddedMongo     : 2019-10-27T17:03:34.536+0100 I CONTROL  [initandlisten] shutting down with code:0
2019-10-27 17:03:34.638  WARN 10650 --- [Thread-5] d.f.e.p.store.CachingArtifactStore       : Already removed de.flapdoodle.embed.process.extract.ImmutableExtractedFileSet@44d24208 for PRODUCTION:Linux:B64, emergency shutdown?
2019-10-27 17:03:34.643  INFO 10650 --- [SpringContextShutdownHook] o.s.s.concurrent.ThreadPoolTaskExecutor  : Shutting down ExecutorService 'applicationTaskExecutor'
